### core 11:23:06
2G LAYER  ncmoe48 MIB=0     mtp                      Generation: 31.3  
2G LAYER  ncmoe48 MIB=24000 mtp                      Generation: 55.5  
2G LAYER  ncmoe48 MIB=24000 plain                    Generation: 38.1  
2G TENSOR ncmoe24 MIB=0     mtp                      Generation: 45.3  
2G TENSOR ncmoe24 MIB=8192  mtp                      Generation: 46.5  
3G LAYER  ncmoe48 MIB=0     mtp                      Generation: 30.4  
3G LAYER  ncmoe48 MIB=24000 mtp                      Generation: 81.1  
### single 11:26:07
1G IQ3_XXS ncmoe48 MIB=0     plain                   Generation: 21.4  
1G IQ3_XXS ncmoe48 MIB=20480 plain                   Generation: 39.4  
1G IQ3_XXS ncmoe48 MIB=0     mtp                     Generation: 32.6  
1G IQ3_XXS ncmoe48 MIB=20480 mtp                     Generation: 48.7  
1G IQ4_NL  ncmoe48 MIB=0     plain                   Generation: 18.4  
1G IQ4_NL  ncmoe48 MIB=20480 plain                   Generation: 28.6  
1G IQ4_NL  ncmoe48 MIB=0     mtp                     Generation: 33.6  
1G IQ4_NL  ncmoe48 MIB=20480 mtp                     Generation: 33.4  
### auto 11:35:19
2G LAYER  ncmoe48 AUTO       mtp                     Generation: 57.8  
2G TENSOR ncmoe24 AUTO       mtp                     Generation: 46.0  
3G LAYER  ncmoe48 AUTO       mtp                     Generation: 81.3  
3G TENSOR ncmoe24 AUTO       mtp                     Generation: 39.7  
### floor 11:37:49
1G IQ3 ncmoe48 MIB=0 mtp                             Generation: 32.0  
1G IQ3 ncmoe48 MIB=64 mtp                            Generation: 4.4   
1G IQ3 ncmoe48 MIB=128 mtp                           Generation: 14.4  
1G IQ3 ncmoe48 MIB=256 mtp                           Generation: 14.7  
1G IQ3 ncmoe48 MIB=512 mtp                           Generation: 15.5  
1G IQ3 ncmoe48 MIB=1024 mtp                          Generation: 16.3  
1G IQ3 ncmoe48 MIB=2048 mtp                          Generation: 18.9  
1G IQ3 ncmoe1  MIB=0    mtp                          FAIL              
1G IQ3 ncmoe1  MIB=1024 mtp                          FAIL              
1G IQ3 ncmoe1  AUTO     mtp                          FAIL              
1G IQ3 ncmoe4  MIB=0    mtp                          FAIL              
1G IQ3 ncmoe4  AUTO     mtp                          FAIL              
